Running "echo:echo" (echo) task
echo
echo task: echo:echo
>> done

Done, without errors.
