{
	"task": {
		"dash-victor": "cli test \"dash-victor\" task",
		"write_file": "cli test \"write_file\" task",
		"fail_warn": "cli test \"fail_warn\" task"
	},
	"alias": {}
}